"../../../Engine/Content/EditorResources/S_Actor.uexp" 0
"../../../Engine/Content/EditorResources/S_Actor.ubulk" 1
"../../../Engine/Content/EditorResources/S_Actor.uasset" 2
"../../../Engine/Content/EditorResources/S_BoxReflectionCapture.uasset" 3
"../../../Engine/Content/EditorResources/S_BoxReflectionCapture.uexp" 4
"../../../Engine/Content/EngineResources/DefaultTexture.uasset" 5
"../../../Engine/Content/EngineResources/DefaultTexture.uexp" 6
"../../../Engine/Content/EngineResources/DefaultTexture.ubulk" 7
"../../../Engine/Content/EngineResources/DefaultTextureCube.uasset" 8
"../../../Engine/Content/EngineResources/DefaultTextureCube.uexp" 9
"../../../Engine/Content/EngineResources/DefaultVolumeTexture2D.uexp" 10
"../../../Engine/Content/EngineResources/DefaultVolumeTexture2D.uasset" 11
"../../../Engine/Content/EngineResources/DefaultVolumeTexture.uexp" 12
"../../../Engine/Content/EngineResources/DefaultVolumeTexture.uasset" 13
"../../../Engine/Content/EditorResources/S_Trigger.uexp" 14
"../../../Engine/Content/EditorResources/S_Trigger.ubulk" 15
"../../../Engine/Content/EditorResources/S_Trigger.uasset" 16
"../../../Engine/Content/EditorResources/S_TriggerBox.uexp" 17
"../../../Engine/Content/EditorResources/S_TriggerBox.uasset" 18
"../../../Engine/Content/EditorResources/S_TriggerCapsule.uexp" 19
"../../../Engine/Content/EditorResources/S_TriggerCapsule.uasset" 20
"../../../Engine/Content/EditorResources/S_TriggerSphere.uasset" 21
"../../../Engine/Content/EditorResources/S_TriggerSphere.uexp" 22
"../../../Engine/Content/EngineMeshes/Sphere.uexp" 23
"../../../Engine/Content/EngineMeshes/Sphere.uasset" 24
"../../../Engine/Content/EngineResources/GradientTexture0.uexp" 25
"../../../Engine/Content/EngineResources/GradientTexture0.uasset" 26
"../../../Engine/Content/EngineResources/Black.uasset" 27
"../../../Engine/Content/EngineResources/Black.uexp" 28
"../../../Engine/Content/EditorResources/S_Solver.uasset" 29
"../../../Engine/Content/EditorResources/S_Solver.uexp" 30
"../../../Engine/Content/EditorResources/S_Solver.ubulk" 31
"../../../Engine/Content/EditorMaterials/Camera/CineMat.uasset" 32
"../../../Engine/Content/EditorMaterials/Camera/CineMat.uexp" 33
"../../../Engine/Content/EditorMaterials/Camera/MI_CineMat_Rig.uasset" 34
"../../../Engine/Content/EditorMaterials/Camera/MI_CineMat_Rig.uexp" 35
"../../../Engine/Content/EditorMeshes/Camera/SM_CraneRig_Base.uexp" 36
"../../../Engine/Content/EditorMeshes/Camera/SM_CraneRig_Base.uasset" 37
"../../../Engine/Content/EditorMeshes/Camera/SM_CraneRig_Arm.uexp" 38
"../../../Engine/Content/EditorMeshes/Camera/SM_CraneRig_Arm.uasset" 39
"../../../Engine/Content/EditorMeshes/Camera/SM_CraneRig_Mount.uexp" 40
"../../../Engine/Content/EditorMeshes/Camera/SM_CraneRig_Mount.uasset" 41
"../../../Engine/Content/EditorMeshes/Camera/SM_CraneRig_Body.uasset" 42
"../../../Engine/Content/EditorMeshes/Camera/SM_CraneRig_Body.uexp" 43
"../../../Engine/Content/EditorMeshes/Camera/SM_RailRig_Track.uexp" 44
"../../../Engine/Content/EditorMeshes/Camera/SM_RailRig_Track.uasset" 45
"../../../Engine/Content/EditorMeshes/Camera/SM_RailRig_Mount.uexp" 46
"../../../Engine/Content/EditorMeshes/Camera/SM_RailRig_Mount.uasset" 47
"../../../Engine/Content/EngineMaterials/T_Default_Material_Grid_M.uasset" 48
"../../../Engine/Content/EngineMaterials/T_Default_Material_Grid_M.ubulk" 49
"../../../Engine/Content/EngineMaterials/T_Default_Material_Grid_M.uexp" 50
"../../../Engine/Content/EngineMaterials/T_Default_Material_Grid_N.uasset" 51
"../../../Engine/Content/EngineMaterials/T_Default_Material_Grid_N.uexp" 52
"../../../Engine/Content/EngineMaterials/T_Default_Material_Grid_N.ubulk" 53
"../../../Engine/Content/Functions/Engine_MaterialFunctions01/Opacity/CameraDepthFade.uexp" 54
"../../../Engine/Content/Functions/Engine_MaterialFunctions01/Opacity/CameraDepthFade.uasset" 55
"../../../Engine/Content/EngineMaterials/WorldGridMaterial.uexp" 56
"../../../Engine/Content/EngineMaterials/WorldGridMaterial.uasset" 57
"../../../Engine/Content/ArtTools/RenderToTexture/Meshes/S_1_Unit_Plane.uexp" 58
"../../../Engine/Content/ArtTools/RenderToTexture/Meshes/S_1_Unit_Plane.uasset" 59
"../../../Engine/Content/VREditor/LaserPointer/VR_LaserPower_01.uexp" 60
"../../../Engine/Content/VREditor/LaserPointer/VR_LaserPower_01.ubulk" 61
"../../../Engine/Content/VREditor/LaserPointer/VR_LaserPower_01.uasset" 62
"../../../Engine/Content/VREditor/TransformGizmo/TransformGizmoMaterial.uasset" 63
"../../../Engine/Content/VREditor/TransformGizmo/TransformGizmoMaterial.uexp" 64
"../../../Engine/Content/VREditor/TransformGizmo/TranslucentTransformGizmoMaterial.uasset" 65
"../../../Engine/Content/VREditor/TransformGizmo/TranslucentTransformGizmoMaterial.uexp" 66
"../../../Engine/Content/VREditor/TransformGizmo/BoundingBoxCorner.uasset" 67
"../../../Engine/Content/VREditor/TransformGizmo/BoundingBoxCorner.uexp" 68
"../../../Engine/Content/VREditor/TransformGizmo/BoundingBoxEdge.uexp" 69
"../../../Engine/Content/VREditor/TransformGizmo/BoundingBoxEdge.uasset" 70
"../../../Engine/Content/VREditor/TransformGizmo/Main.uasset" 71
"../../../Engine/Content/VREditor/TransformGizmo/Main.uexp" 72
"../../../Engine/Content/VREditor/TransformGizmo/Xray.uexp" 73
"../../../Engine/Content/VREditor/TransformGizmo/Xray.uasset" 74
"../../../Engine/Content/VREditor/TransformGizmo/SM_Sequencer_Node.uexp" 75
"../../../Engine/Content/VREditor/TransformGizmo/SM_Sequencer_Node.uasset" 76
"../../../Engine/Content/EditorMaterials/ParticleSystems/PSysThumbnail_NoImage.ubulk" 77
"../../../Engine/Content/EditorMaterials/ParticleSystems/PSysThumbnail_NoImage.uexp" 78
"../../../Engine/Content/EditorMaterials/ParticleSystems/PSysThumbnail_NoImage.uasset" 79
"../../../Engine/Content/EditorMaterials/ParticleSystems/PSysThumbnail_OOD.ubulk" 80
"../../../Engine/Content/EditorMaterials/ParticleSystems/PSysThumbnail_OOD.uexp" 81
"../../../Engine/Content/EditorMaterials/ParticleSystems/PSysThumbnail_OOD.uasset" 82
"../../../Engine/Content/EditorLandscapeResources/SplineEditorMeshMat.uasset" 83
"../../../Engine/Content/EditorLandscapeResources/SplineEditorMeshMat.uexp" 84
"../../../Engine/Content/EditorLandscapeResources/SplineEditorMesh.uasset" 85
"../../../Engine/Content/EditorLandscapeResources/SplineEditorMesh.uexp" 86
"../../../Engine/Content/EditorLandscapeResources/DefaultAlphaTexture.uexp" 87
"../../../Engine/Content/EditorLandscapeResources/DefaultAlphaTexture.uasset" 88
"../../../Engine/Content/EditorResources/S_Terrain.uasset" 89
"../../../Engine/Content/EditorResources/S_Terrain.uexp" 90
"../../../Engine/Content/EditorResources/S_Terrain.ubulk" 91
"../../../Engine/Plugins/Media/MediaPlate/Content/SM_MediaPlateScreen.uasset" 92
"../../../Engine/Plugins/Media/MediaPlate/Content/SM_MediaPlateScreen.uexp" 93
"../../../Engine/Content/EngineMaterials/DefaultMaterial.uasset" 94
"../../../Engine/Content/EngineMaterials/DefaultMaterial.uexp" 95
"../../../Engine/Content/BasicShapes/Cylinder.uasset" 96
"../../../Engine/Content/BasicShapes/Cylinder.uexp" 97
"../../../Engine/Content/BasicShapes/Cube.uasset" 98
"../../../Engine/Content/BasicShapes/Cube.uexp" 99
"../../../Engine/Content/EngineMaterials/DefaultBokeh.uexp" 100
"../../../Engine/Content/EngineMaterials/DefaultBokeh.uasset" 101
"../../../Engine/Content/EngineMaterials/MiniFont.uexp" 102
"../../../Engine/Content/EngineMaterials/MiniFont.uasset" 103
"../../../Engine/Content/EngineMaterials/WeightMapPlaceholderTexture.uasset" 104
"../../../Engine/Content/EngineMaterials/WeightMapPlaceholderTexture.uexp" 105
"../../../Engine/Content/EngineMaterials/WeightMapArrayPlaceholderTexture.uasset" 106
"../../../Engine/Content/EngineMaterials/WeightMapArrayPlaceholderTexture.uexp" 107
"../../../Engine/Content/EngineMaterials/DefaultWhiteGrid.ubulk" 108
"../../../Engine/Content/EngineMaterials/DefaultWhiteGrid.uexp" 109
"../../../Engine/Content/EngineMaterials/DefaultWhiteGrid.uasset" 110
"../../../Engine/Content/EngineMaterials/PreintegratedSkinBRDF.uexp" 111
"../../../Engine/Content/EngineMaterials/PreintegratedSkinBRDF.uasset" 112
"../../../Engine/Content/Functions/Engine_MaterialFunctions02/WorldPositionOffset/CameraOffset.uexp" 113
"../../../Engine/Content/Functions/Engine_MaterialFunctions02/WorldPositionOffset/CameraOffset.uasset" 114
"../../../Engine/Plugins/Animation/ControlRig/Content/M_Manip.uasset" 115
"../../../Engine/Plugins/Animation/ControlRig/Content/M_Manip.uexp" 116
"../../../Engine/Plugins/Animation/ACLPlugin/Content/ACLAnimBoneCompressionSettings.uexp" 117
"../../../Engine/Plugins/Animation/ACLPlugin/Content/ACLAnimBoneCompressionSettings.uasset" 118
"../../../Engine/Plugins/Animation/ACLPlugin/Content/ACLAnimCurveCompressionSettings.uasset" 119
"../../../Engine/Plugins/Animation/ACLPlugin/Content/ACLAnimCurveCompressionSettings.uexp" 120
"../../../Engine/Plugins/2D/Paper2D/Content/PlaceholderTextures/DummySpriteTexture.ubulk" 121
"../../../Engine/Plugins/2D/Paper2D/Content/PlaceholderTextures/DummySpriteTexture.uexp" 122
"../../../Engine/Plugins/2D/Paper2D/Content/PlaceholderTextures/DummySpriteTexture.uasset" 123
"../../../Engine/Plugins/2D/Paper2D/Content/DefaultSpriteMaterial.uexp" 124
"../../../Engine/Plugins/2D/Paper2D/Content/DefaultSpriteMaterial.uasset" 125
"../../../Engine/Plugins/2D/Paper2D/Content/MaskedUnlitSpriteMaterial.uexp" 126
"../../../Engine/Plugins/2D/Paper2D/Content/MaskedUnlitSpriteMaterial.uasset" 127
"../../../Engine/Plugins/2D/Paper2D/Content/DummySprite.uasset" 128
"../../../Engine/Plugins/2D/Paper2D/Content/DummySprite.uexp" 129
"../../../Engine/Plugins/2D/Paper2D/Content/DefaultPaperTerrainMaterial.uexp" 130
"../../../Engine/Plugins/2D/Paper2D/Content/DefaultPaperTerrainMaterial.uasset" 131
"../../../Engine/Plugins/2D/Paper2D/Content/OpaqueUnlitSpriteMaterial.uasset" 132
"../../../Engine/Plugins/2D/Paper2D/Content/OpaqueUnlitSpriteMaterial.uexp" 133
"../../../Engine/Plugins/Runtime/MeshModelingToolset/Content/Materials/M_DynamicMeshComponentVtxColor.uexp" 134
"../../../Engine/Plugins/Runtime/MeshModelingToolset/Content/Materials/M_DynamicMeshComponentVtxColor.uasset" 135
"../../../Engine/Plugins/Interchange/Runtime/Content/Pipelines/DefaultGLTFPipeline.uexp" 136
"../../../Engine/Plugins/Interchange/Runtime/Content/Pipelines/DefaultGLTFPipeline.uasset" 137
"../../../Engine/Plugins/Interchange/Runtime/Content/Pipelines/DefaultGLTFAssetsPipeline.uexp" 138
"../../../Engine/Plugins/Interchange/Runtime/Content/Pipelines/DefaultGLTFAssetsPipeline.uasset" 139
"../../../Engine/Plugins/Interchange/Runtime/Content/Pipelines/DefaultAssetsPipeline.uexp" 140
"../../../Engine/Plugins/Interchange/Runtime/Content/Pipelines/DefaultAssetsPipeline.uasset" 141
"../../../Engine/Plugins/Interchange/Runtime/Content/Pipelines/DefaultSceneLevelPipeline.uexp" 142
"../../../Engine/Plugins/Interchange/Runtime/Content/Pipelines/DefaultSceneLevelPipeline.uasset" 143
"../../../Engine/Plugins/Interchange/Runtime/Content/Pipelines/DefaultMaterialXPipeline.uexp" 144
"../../../Engine/Plugins/Interchange/Runtime/Content/Pipelines/DefaultMaterialXPipeline.uasset" 145
"../../../Engine/Plugins/Interchange/Runtime/Content/Pipelines/DefaultSceneAssetsPipeline.uasset" 146
"../../../Engine/Plugins/Interchange/Runtime/Content/Pipelines/DefaultSceneAssetsPipeline.uexp" 147
"../../../Engine/Plugins/Interchange/Runtime/Content/Pipelines/DefaultMaterialPipeline.uasset" 148
"../../../Engine/Plugins/Interchange/Runtime/Content/Pipelines/DefaultMaterialPipeline.uexp" 149
"../../../Engine/Plugins/Interchange/Runtime/Content/Pipelines/DefaultGLTFSceneAssetsPipeline.uexp" 150
"../../../Engine/Plugins/Interchange/Runtime/Content/Pipelines/DefaultGLTFSceneAssetsPipeline.uasset" 151
"../../../Engine/Plugins/Interchange/Runtime/Content/Pipelines/DefaultTexturePipeline.uasset" 152
"../../../Engine/Plugins/Interchange/Runtime/Content/Pipelines/DefaultTexturePipeline.uexp" 153
"../../../Engine/Plugins/Interchange/Runtime/Content/Functions/MX_GeneralizedSchlickBSDF.uexp" 154
"../../../Engine/Plugins/Interchange/Runtime/Content/Functions/MX_GeneralizedSchlickBSDF.uasset" 155
"../../../Engine/Plugins/Interchange/Runtime/Content/Functions/MX_UniformEDF.uexp" 156
"../../../Engine/Plugins/Interchange/Runtime/Content/Functions/MX_UniformEDF.uasset" 157
"../../../Engine/Plugins/Interchange/Runtime/Content/Functions/MX_Surface.uexp" 158
"../../../Engine/Plugins/Interchange/Runtime/Content/Functions/MX_Surface.uasset" 159
"../../../Engine/Plugins/Interchange/Runtime/Content/Functions/MX_SurfaceUnlit.uasset" 160
"../../../Engine/Plugins/Interchange/Runtime/Content/Functions/MX_SurfaceUnlit.uexp" 161
"../../../Engine/Plugins/Interchange/Runtime/Content/Functions/MX_ConductorBSDF.uexp" 162
"../../../Engine/Plugins/Interchange/Runtime/Content/Functions/MX_ConductorBSDF.uasset" 163
"../../../Engine/Plugins/Interchange/Runtime/Content/Functions/MF_OrenNayerView.uexp" 164
"../../../Engine/Plugins/Interchange/Runtime/Content/Functions/MF_OrenNayerView.uasset" 165
"../../../Engine/Plugins/Interchange/Runtime/Content/Functions/MF_SchlickApprox.uasset" 166
"../../../Engine/Plugins/Interchange/Runtime/Content/Functions/MF_SchlickApprox.uexp" 167
"../../../Engine/Plugins/Interchange/Runtime/Content/Utilities/New_LUT.uasset" 168
"../../../Engine/Plugins/Interchange/Runtime/Content/Utilities/New_LUT.uexp" 169
"../../../Engine/Content/Functions/Engine_MaterialFunctions03/Math/RemapValueRange.uexp" 170
"../../../Engine/Content/Functions/Engine_MaterialFunctions03/Math/RemapValueRange.uasset" 171
"../../../Engine/Plugins/Interchange/Runtime/Content/Functions/MF_Iridescence.uasset" 172
"../../../Engine/Plugins/Interchange/Runtime/Content/Functions/MF_Iridescence.uexp" 173
"../../../Engine/Plugins/Interchange/Runtime/Content/Functions/MX_StandardSurface.uasset" 174
"../../../Engine/Plugins/Interchange/Runtime/Content/Functions/MX_StandardSurface.uexp" 175
"../../../Engine/Plugins/Interchange/Runtime/Content/Functions/MX_OpenPBR_Opaque.uexp" 176
"../../../Engine/Plugins/Interchange/Runtime/Content/Functions/MX_OpenPBR_Opaque.uasset" 177
"../../../Engine/Plugins/Interchange/Runtime/Content/Functions/MX_UsdPreviewSurface.uexp" 178
"../../../Engine/Plugins/Interchange/Runtime/Content/Functions/MX_UsdPreviewSurface.uasset" 179
"../../../Engine/Plugins/Interchange/Runtime/Content/Functions/MX_TranslucentBSDF.uasset" 180
"../../../Engine/Plugins/Interchange/Runtime/Content/Functions/MX_TranslucentBSDF.uexp" 181
"../../../Engine/Plugins/Interchange/Runtime/Content/Functions/MX_AnisotropicVDF.uexp" 182
"../../../Engine/Plugins/Interchange/Runtime/Content/Functions/MX_AnisotropicVDF.uasset" 183
"../../../Engine/Plugins/Interchange/Runtime/Content/Functions/MX_SheenBSDF.uexp" 184
"../../../Engine/Plugins/Interchange/Runtime/Content/Functions/MX_SheenBSDF.uasset" 185
"../../../Engine/Plugins/Interchange/Runtime/Content/Functions/MX_SubsurfaceBSDF.uexp" 186
"../../../Engine/Plugins/Interchange/Runtime/Content/Functions/MX_SubsurfaceBSDF.uasset" 187
"../../../Engine/Plugins/Interchange/Runtime/Content/Functions/MX_ConicalEDF.uasset" 188
"../../../Engine/Plugins/Interchange/Runtime/Content/Functions/MX_ConicalEDF.uexp" 189
"../../../Engine/Plugins/Interchange/Runtime/Content/Functions/MX_MeasuredEDF.uasset" 190
"../../../Engine/Plugins/Interchange/Runtime/Content/Functions/MX_MeasuredEDF.uexp" 191
"../../../Engine/Plugins/Interchange/Runtime/Content/Functions/MX_BurleyDiffuseBSDF.uasset" 192
"../../../Engine/Plugins/Interchange/Runtime/Content/Functions/MX_BurleyDiffuseBSDF.uexp" 193
"../../../Engine/Plugins/Interchange/Runtime/Content/Functions/MX_DielectricBSDF.uasset" 194
"../../../Engine/Plugins/Interchange/Runtime/Content/Functions/MX_DielectricBSDF.uexp" 195
"../../../Engine/Plugins/Interchange/Runtime/Content/Functions/MX_AbsorptionVDF.uasset" 196
"../../../Engine/Plugins/Interchange/Runtime/Content/Functions/MX_AbsorptionVDF.uexp" 197
"../../../Engine/Plugins/Interchange/Runtime/Content/Functions/MX_OrenNayarBSDF.uasset" 198
"../../../Engine/Plugins/Interchange/Runtime/Content/Functions/MX_OrenNayarBSDF.uexp" 199
"../../../Engine/Plugins/Interchange/Runtime/Content/Functions/MX_ThinFilmBSDF.uasset" 200
"../../../Engine/Plugins/Interchange/Runtime/Content/Functions/MX_ThinFilmBSDF.uexp" 201
"../../../Engine/Content/Functions/Engine_MaterialFunctions02/Utility/CameraDirectionVector.uexp" 202
"../../../Engine/Content/Functions/Engine_MaterialFunctions02/Utility/CameraDirectionVector.uasset" 203
"../../../Engine/Content/Functions/Engine_MaterialFunctions01/Volumetrics/BeersLaw.uasset" 204
"../../../Engine/Content/Functions/Engine_MaterialFunctions01/Volumetrics/BeersLaw.uexp" 205
"../../../Engine/Content/EngineMaterials/Good64x64TilingNoiseHighFreq.uasset" 206
"../../../Engine/Content/EngineMaterials/Good64x64TilingNoiseHighFreq.uexp" 207
"../../../Engine/Content/Functions/Engine_MaterialFunctions02/Texturing/ScreenAlignedPixelToPixelUVs.uasset" 208
"../../../Engine/Content/Functions/Engine_MaterialFunctions02/Texturing/ScreenAlignedPixelToPixelUVs.uexp" 209
"../../../Engine/Plugins/Interchange/Runtime/Content/gltf/MaterialFunctions/MF_Temporal_Blur.uexp" 210
"../../../Engine/Plugins/Interchange/Runtime/Content/gltf/MaterialFunctions/MF_Temporal_Blur.uasset" 211
"../../../Engine/Plugins/Interchange/Runtime/Content/gltf/MaterialFunctions/MF_Fresnel_DS.uexp" 212
"../../../Engine/Plugins/Interchange/Runtime/Content/gltf/MaterialFunctions/MF_Fresnel_DS.uasset" 213
"../../../Engine/Content/Functions/Engine_MaterialFunctions02/Utility/BreakOutFloat3Components.uasset" 214
"../../../Engine/Content/Functions/Engine_MaterialFunctions02/Utility/BreakOutFloat3Components.uexp" 215
"../../../Engine/Plugins/Interchange/Runtime/Content/Functions/MX_Transmission.uexp" 216
"../../../Engine/Plugins/Interchange/Runtime/Content/Functions/MX_Transmission.uasset" 217
"../../../Engine/Plugins/Interchange/Runtime/Content/Functions/MX_TransmissionSurface.uexp" 218
"../../../Engine/Plugins/Interchange/Runtime/Content/Functions/MX_TransmissionSurface.uasset" 219
"../../../Engine/Plugins/Interchange/Runtime/Content/Functions/MX_OpenPBR_Translucent.uasset" 220
"../../../Engine/Plugins/Interchange/Runtime/Content/Functions/MX_OpenPBR_Translucent.uexp" 221
"../../../Engine/Plugins/Editor/SpeedTreeImporter/Content/SpeedTree9/game_wind_noise.uexp" 222
"../../../Engine/Plugins/Editor/SpeedTreeImporter/Content/SpeedTree9/game_wind_noise.uasset" 223
"../../../Engine/Plugins/Editor/SpeedTreeImporter/Content/SpeedTree9/game_wind_noise.ubulk" 224
"../../../Engine/Plugins/Editor/SpeedTreeImporter/Content/SpeedTree9/UnpackDirection.uexp" 225
"../../../Engine/Plugins/Editor/SpeedTreeImporter/Content/SpeedTree9/UnpackDirection.uasset" 226
"../../../Engine/Content/Functions/Engine_MaterialFunctions02/ObjectLocalBounds.uasset" 227
"../../../Engine/Content/Functions/Engine_MaterialFunctions02/ObjectLocalBounds.uexp" 228
"../../../Engine/Content/Functions/Engine_MaterialFunctions02/UVs/BoundingBoxBased_0-1_UVW.uexp" 229
"../../../Engine/Content/Functions/Engine_MaterialFunctions02/UVs/BoundingBoxBased_0-1_UVW.uasset" 230
"../../../Engine/Content/Functions/Engine_MaterialFunctions02/Utility/VectorLength.uexp" 231
"../../../Engine/Content/Functions/Engine_MaterialFunctions02/Utility/VectorLength.uasset" 232
"../../../Engine/Plugins/Editor/SpeedTreeImporter/Content/SpeedTree9/UnpackInteger3.uexp" 233
"../../../Engine/Plugins/Editor/SpeedTreeImporter/Content/SpeedTree9/UnpackInteger3.uasset" 234
"../../../Engine/Plugins/Editor/SpeedTreeImporter/Content/SpeedTree9/SpeedTreeCameraFacing.uasset" 235
"../../../Engine/Plugins/Editor/SpeedTreeImporter/Content/SpeedTree9/SpeedTreeCameraFacing.uexp" 236
"../../../Engine/Content/Functions/Engine_MaterialFunctions02/WorldPositionOffset/ObjectScale.uexp" 237
"../../../Engine/Content/Functions/Engine_MaterialFunctions02/WorldPositionOffset/ObjectScale.uasset" 238
"../../../Engine/Content/Functions/Engine_MaterialFunctions02/SafeNormalize.uasset" 239
"../../../Engine/Content/Functions/Engine_MaterialFunctions02/SafeNormalize.uexp" 240
"../../../Engine/Plugins/Editor/SpeedTreeImporter/Content/SpeedTree9/SpeedTreeWindMotion.uexp" 241
"../../../Engine/Plugins/Editor/SpeedTreeImporter/Content/SpeedTree9/SpeedTreeWindMotion.uasset" 242
"../../../Engine/Plugins/Editor/SpeedTreeImporter/Content/SpeedTree9/SpeedTreeBranchMotion.uexp" 243
"../../../Engine/Plugins/Editor/SpeedTreeImporter/Content/SpeedTree9/SpeedTreeBranchMotion.uasset" 244
"../../../Engine/Plugins/Editor/SpeedTreeImporter/Content/SpeedTree9/SpeedTreeWind.uasset" 245
"../../../Engine/Plugins/Editor/SpeedTreeImporter/Content/SpeedTree9/SpeedTreeWind.uexp" 246
"../../../Engine/Plugins/Editor/SpeedTreeImporter/Content/SpeedTree9/EmptyNormal.uasset" 247
"../../../Engine/Plugins/Editor/SpeedTreeImporter/Content/SpeedTree9/EmptyNormal.uexp" 248
"../../../Engine/Plugins/Editor/SpeedTreeImporter/Content/SpeedTree9/Empty.uasset" 249
"../../../Engine/Plugins/Editor/SpeedTreeImporter/Content/SpeedTree9/Empty.uexp" 250
"../../../Engine/Plugins/Editor/SpeedTreeImporter/Content/SpeedTree9/SpeedTreeMaster.uexp" 251
"../../../Engine/Plugins/Editor/SpeedTreeImporter/Content/SpeedTree9/SpeedTreeMaster.uasset" 252
"../../../Engine/Plugins/Editor/SpeedTreeImporter/Content/SpeedTree9/SpeedTreeBillboard.uexp" 253
"../../../Engine/Plugins/Editor/SpeedTreeImporter/Content/SpeedTree9/SpeedTreeBillboard.uasset" 254
"../../../Engine/Plugins/Editor/SpeedTreeImporter/Content/SpeedTree9/SpeedTreeBillboardMaster.uasset" 255
"../../../Engine/Plugins/Editor/SpeedTreeImporter/Content/SpeedTree9/SpeedTreeBillboardMaster.uexp" 256
"../../../Engine/Plugins/Animation/ControlRig/Content/Controls/ControlRig_Octagon_solid.uexp" 257
"../../../Engine/Plugins/Animation/ControlRig/Content/Controls/ControlRig_Octagon_solid.uasset" 258
"../../../Engine/Plugins/Animation/ControlRig/Content/Controls/ControlRig_Pyramid_solid.uexp" 259
"../../../Engine/Plugins/Animation/ControlRig/Content/Controls/ControlRig_Pyramid_solid.uasset" 260
"../../../Engine/Plugins/Animation/ControlRig/Content/Controls/ControlRig_Wedge_solid.uexp" 261
"../../../Engine/Plugins/Animation/ControlRig/Content/Controls/ControlRig_Wedge_solid.uasset" 262
"../../../Engine/Plugins/Animation/ControlRig/Content/Controls/ControlRig_RoundedSquare_1mm.uexp" 263
"../../../Engine/Plugins/Animation/ControlRig/Content/Controls/ControlRig_RoundedSquare_1mm.uasset" 264
"../../../Engine/Plugins/Animation/ControlRig/Content/Controls/ControlRig_Star4_1mm.uexp" 265
"../../../Engine/Plugins/Animation/ControlRig/Content/Controls/ControlRig_Star4_1mm.uasset" 266
"../../../Engine/Plugins/Animation/ControlRig/Content/Controls/ControlRigXRayMaterial.uexp" 267
"../../../Engine/Plugins/Animation/ControlRig/Content/Controls/ControlRigXRayMaterial.uasset" 268
"../../../Engine/Plugins/Animation/ControlRig/Content/Controls/ControlRig_Hexagon_solid.uexp" 269
"../../../Engine/Plugins/Animation/ControlRig/Content/Controls/ControlRig_Hexagon_solid.uasset" 270
"../../../Engine/Plugins/Animation/ControlRig/Content/Controls/ControlRig_Arrow_solid.uexp" 271
"../../../Engine/Plugins/Animation/ControlRig/Content/Controls/ControlRig_Arrow_solid.uasset" 272
"../../../Engine/Plugins/Animation/ControlRig/Content/Controls/ControlRig_Triangle_3mm.uexp" 273
"../../../Engine/Plugins/Animation/ControlRig/Content/Controls/ControlRig_Triangle_3mm.uasset" 274
"../../../Engine/Plugins/Animation/ControlRig/Content/Controls/ControlRig_Box_solid.uasset" 275
"../../../Engine/Plugins/Animation/ControlRig/Content/Controls/ControlRig_Box_solid.uexp" 276
"../../../Engine/Plugins/Animation/ControlRig/Content/Controls/ControlRig_Wedge_3mm.uasset" 277
"../../../Engine/Plugins/Animation/ControlRig/Content/Controls/ControlRig_Wedge_3mm.uexp" 278
"../../../Engine/Plugins/Animation/ControlRig/Content/Controls/ControlRig_HalfCircle_1mm.uexp" 279
"../../../Engine/Plugins/Animation/ControlRig/Content/Controls/ControlRig_HalfCircle_1mm.uasset" 280
"../../../Engine/Plugins/Animation/ControlRig/Content/Controls/ControlRig_HalfCircle_solid.uexp" 281
"../../../Engine/Plugins/Animation/ControlRig/Content/Controls/ControlRig_HalfCircle_solid.uasset" 282
"../../../Engine/Plugins/Animation/ControlRig/Content/Controls/ControlRig_Arrow2_1mm.uexp" 283
"../../../Engine/Plugins/Animation/ControlRig/Content/Controls/ControlRig_Arrow2_1mm.uasset" 284
"../../../Engine/Plugins/Animation/ControlRig/Content/Controls/ControlRig_Octagon_3mm.uexp" 285
"../../../Engine/Plugins/Animation/ControlRig/Content/Controls/ControlRig_Octagon_3mm.uasset" 286
"../../../Engine/Plugins/Animation/ControlRig/Content/Controls/ControlRig_Box_3mm.uexp" 287
"../../../Engine/Plugins/Animation/ControlRig/Content/Controls/ControlRig_Box_3mm.uasset" 288
"../../../Engine/Plugins/Animation/ControlRig/Content/Controls/ControlRig_Sphere_1mm.uexp" 289
"../../../Engine/Plugins/Animation/ControlRig/Content/Controls/ControlRig_Sphere_1mm.uasset" 290
"../../../Engine/Plugins/Animation/ControlRig/Content/Controls/ControlRig_Pyramid_3mm.uasset" 291
"../../../Engine/Plugins/Animation/ControlRig/Content/Controls/ControlRig_Pyramid_3mm.uexp" 292
"../../../Engine/Plugins/Animation/ControlRig/Content/Controls/ControlRig_QuarterCircle_3mm.uexp" 293
"../../../Engine/Plugins/Animation/ControlRig/Content/Controls/ControlRig_QuarterCircle_3mm.uasset" 294
"../../../Engine/Plugins/Animation/ControlRig/Content/Controls/ControlRig_Circle_1mm.uexp" 295
"../../../Engine/Plugins/Animation/ControlRig/Content/Controls/ControlRig_Circle_1mm.uasset" 296
"../../../Engine/Plugins/Animation/ControlRig/Content/Controls/ControlRig_RoundedTriangle_3mm.uexp" 297
"../../../Engine/Plugins/Animation/ControlRig/Content/Controls/ControlRig_RoundedTriangle_3mm.uasset" 298
"../../../Engine/Plugins/Animation/ControlRig/Content/Controls/ControlRig_Triangle_solid.uasset" 299
"../../../Engine/Plugins/Animation/ControlRig/Content/Controls/ControlRig_Triangle_solid.uexp" 300
"../../../Engine/Plugins/Animation/ControlRig/Content/Controls/ControlRig_Diamond_1mm.uexp" 301
"../../../Engine/Plugins/Animation/ControlRig/Content/Controls/ControlRig_Diamond_1mm.uasset" 302
"../../../Engine/Plugins/Animation/ControlRig/Content/Controls/ControlRig_Arrow2_solid.uexp" 303
"../../../Engine/Plugins/Animation/ControlRig/Content/Controls/ControlRig_Arrow2_solid.uasset" 304
"../../../Engine/Plugins/Animation/ControlRig/Content/Controls/ControlRig_Arrow4_3mm.uasset" 305
"../../../Engine/Plugins/Animation/ControlRig/Content/Controls/ControlRig_Arrow4_3mm.uexp" 306
"../../../Engine/Plugins/Animation/ControlRig/Content/Controls/ControlRig_Hexagon_1mm.uexp" 307
"../../../Engine/Plugins/Animation/ControlRig/Content/Controls/ControlRig_Hexagon_1mm.uasset" 308
"../../../Engine/Plugins/Animation/ControlRig/Content/Controls/ControlRig_QuarterCircle_solid.uasset" 309
"../../../Engine/Plugins/Animation/ControlRig/Content/Controls/ControlRig_QuarterCircle_solid.uexp" 310
"../../../Engine/Plugins/Animation/ControlRig/Content/Controls/ControlRig_Arrow_1mm.uexp" 311
"../../../Engine/Plugins/Animation/ControlRig/Content/Controls/ControlRig_Arrow_1mm.uasset" 312
"../../../Engine/Plugins/Animation/ControlRig/Content/Controls/ControlRig_Square_1mm.uexp" 313
"../../../Engine/Plugins/Animation/ControlRig/Content/Controls/ControlRig_Square_1mm.uasset" 314
"../../../Engine/Plugins/Animation/ControlRig/Content/Controls/ControlRig_Circle_solid.uexp" 315
"../../../Engine/Plugins/Animation/ControlRig/Content/Controls/ControlRig_Circle_solid.uasset" 316
"../../../Engine/Plugins/Animation/ControlRig/Content/Controls/ControlRig_Arrow4_solid.uasset" 317
"../../../Engine/Plugins/Animation/ControlRig/Content/Controls/ControlRig_Arrow4_solid.uexp" 318
"../../../Engine/Plugins/Animation/ControlRig/Content/Controls/ControlRig_RoundedSquare_solid.uexp" 319
"../../../Engine/Plugins/Animation/ControlRig/Content/Controls/ControlRig_RoundedSquare_solid.uasset" 320
"../../../Engine/Plugins/Animation/ControlRig/Content/Controls/ControlRig_Star4_solid.uexp" 321
"../../../Engine/Plugins/Animation/ControlRig/Content/Controls/ControlRig_Star4_solid.uasset" 322
"../../../Engine/Plugins/Animation/ControlRig/Content/Controls/ControlRig_Diamond_solid.uexp" 323
"../../../Engine/Plugins/Animation/ControlRig/Content/Controls/ControlRig_Diamond_solid.uasset" 324
"../../../Engine/Plugins/Animation/ControlRig/Content/Controls/ControlRig_Arrow2_3mm.uasset" 325
"../../../Engine/Plugins/Animation/ControlRig/Content/Controls/ControlRig_Arrow2_3mm.uexp" 326
"../../../Engine/Plugins/Animation/ControlRig/Content/Controls/ControlRig_Box_1mm.uexp" 327
"../../../Engine/Plugins/Animation/ControlRig/Content/Controls/ControlRig_Box_1mm.uasset" 328
"../../../Engine/Plugins/Animation/ControlRig/Content/Controls/ControlRig_Octagon_1mm.uasset" 329
"../../../Engine/Plugins/Animation/ControlRig/Content/Controls/ControlRig_Octagon_1mm.uexp" 330
"../../../Engine/Plugins/Animation/ControlRig/Content/Controls/ControlRig_Sphere_3mm.uexp" 331
"../../../Engine/Plugins/Animation/ControlRig/Content/Controls/ControlRig_Sphere_3mm.uasset" 332
"../../../Engine/Plugins/Animation/ControlRig/Content/Controls/ControlRig_Triangle_1mm.uexp" 333
"../../../Engine/Plugins/Animation/ControlRig/Content/Controls/ControlRig_Triangle_1mm.uasset" 334
"../../../Engine/Plugins/Animation/ControlRig/Content/Controls/ControlRig_RoundedTriangle_solid.uasset" 335
"../../../Engine/Plugins/Animation/ControlRig/Content/Controls/ControlRig_RoundedTriangle_solid.uexp" 336
"../../../Engine/Plugins/Animation/ControlRig/Content/Controls/ControlRig_HalfCircle_3mm.uexp" 337
"../../../Engine/Plugins/Animation/ControlRig/Content/Controls/ControlRig_HalfCircle_3mm.uasset" 338
"../../../Engine/Plugins/Animation/ControlRig/Content/Controls/ControlRig_Wedge_1mm.uasset" 339
"../../../Engine/Plugins/Animation/ControlRig/Content/Controls/ControlRig_Wedge_1mm.uexp" 340
"../../../Engine/Plugins/Animation/ControlRig/Content/Controls/DefaultGizmoLibraryNormalized.uexp" 341
"../../../Engine/Plugins/Animation/ControlRig/Content/Controls/DefaultGizmoLibraryNormalized.uasset" 342
"../../../Engine/Plugins/Animation/ControlRig/Content/Controls/ControlRig_RoundedSquare_3mm.uasset" 343
"../../../Engine/Plugins/Animation/ControlRig/Content/Controls/ControlRig_RoundedSquare_3mm.uexp" 344
"../../../Engine/Plugins/Animation/ControlRig/Content/Controls/ControlRig_Star4_3mm.uexp" 345
"../../../Engine/Plugins/Animation/ControlRig/Content/Controls/ControlRig_Star4_3mm.uasset" 346
"../../../Engine/Plugins/Animation/ControlRig/Content/Controls/ControlRig_Square_3mm.uexp" 347
"../../../Engine/Plugins/Animation/ControlRig/Content/Controls/ControlRig_Square_3mm.uasset" 348
"../../../Engine/Plugins/Animation/ControlRig/Content/Controls/ControlRig_Sphere_solid.uasset" 349
"../../../Engine/Plugins/Animation/ControlRig/Content/Controls/ControlRig_Sphere_solid.uexp" 350
"../../../Engine/Plugins/Animation/ControlRig/Content/Controls/ControlRig_Hexagon_3mm.uasset" 351
"../../../Engine/Plugins/Animation/ControlRig/Content/Controls/ControlRig_Hexagon_3mm.uexp" 352
"../../../Engine/Plugins/Animation/ControlRig/Content/Controls/ControlRig_Arrow_3mm.uasset" 353
"../../../Engine/Plugins/Animation/ControlRig/Content/Controls/ControlRig_Arrow_3mm.uexp" 354
"../../../Engine/Plugins/Animation/ControlRig/Content/Controls/ControlRig_Diamond_3mm.uasset" 355
"../../../Engine/Plugins/Animation/ControlRig/Content/Controls/ControlRig_Diamond_3mm.uexp" 356
"../../../Engine/Plugins/Animation/ControlRig/Content/Controls/ControlRig_Square_solid.uasset" 357
"../../../Engine/Plugins/Animation/ControlRig/Content/Controls/ControlRig_Square_solid.uexp" 358
"../../../Engine/Plugins/Animation/ControlRig/Content/Controls/ControlRig_Arrow4_1mm.uasset" 359
"../../../Engine/Plugins/Animation/ControlRig/Content/Controls/ControlRig_Arrow4_1mm.uexp" 360
"../../../Engine/Plugins/Animation/ControlRig/Content/Controls/ControlRig_Pyramid_1mm.uasset" 361
"../../../Engine/Plugins/Animation/ControlRig/Content/Controls/ControlRig_Pyramid_1mm.uexp" 362
"../../../Engine/Plugins/Animation/ControlRig/Content/Controls/ControlRig_QuarterCircle_1mm.uasset" 363
"../../../Engine/Plugins/Animation/ControlRig/Content/Controls/ControlRig_QuarterCircle_1mm.uexp" 364
"../../../Engine/Plugins/Animation/ControlRig/Content/Controls/ControlRig_Circle_3mm.uasset" 365
"../../../Engine/Plugins/Animation/ControlRig/Content/Controls/ControlRig_Circle_3mm.uexp" 366
"../../../Engine/Plugins/Animation/ControlRig/Content/Controls/ControlRig_RoundedTriangle_1mm.uasset" 367
"../../../Engine/Plugins/Animation/ControlRig/Content/Controls/ControlRig_RoundedTriangle_1mm.uexp" 368
"../../../Engine/Plugins/Animation/ControlRig/Content/Controls/ControlRigGizmoMaterial.uasset" 369
"../../../Engine/Plugins/Animation/ControlRig/Content/Controls/ControlRigGizmoMaterial.uexp" 370
"../../../Engine/Content/VREditor/TransformGizmo/StartRotationHandleIndicator.uexp" 371
"../../../Engine/Content/VREditor/TransformGizmo/StartRotationHandleIndicator.uasset" 372
"../../../Engine/Content/VREditor/Sounds/UI/Drop_Item_From_ContentBrowser.ubulk" 373
"../../../Engine/Content/VREditor/Sounds/UI/Drop_Item_From_ContentBrowser.uasset" 374
"../../../Engine/Content/VREditor/Sounds/UI/Drop_Item_From_ContentBrowser.uexp" 375
"../../../Engine/Content/VREditor/TransformGizmo/PlaneTranslationHandle.uasset" 376
"../../../Engine/Content/VREditor/TransformGizmo/PlaneTranslationHandle.uexp" 377
"../../../Engine/Content/VREditor/Sounds/UI/Object_Snaps_To_Grid.ubulk" 378
"../../../Engine/Content/VREditor/Sounds/UI/Object_Snaps_To_Grid.uasset" 379
"../../../Engine/Content/VREditor/Sounds/UI/Object_Snaps_To_Grid.uexp" 380
"../../../Engine/Content/VREditor/Sounds/UI/Selection_Changes.ubulk" 381
"../../../Engine/Content/VREditor/Sounds/UI/Selection_Changes.uasset" 382
"../../../Engine/Content/VREditor/Sounds/UI/Selection_Changes.uexp" 383
"../../../Engine/Content/VREditor/Sounds/UI/Object_Snaps_To_Another_Actor.uasset" 384
"../../../Engine/Content/VREditor/Sounds/UI/Object_Snaps_To_Another_Actor.ubulk" 385
"../../../Engine/Content/VREditor/Sounds/UI/Object_Snaps_To_Another_Actor.uexp" 386
"../../../Engine/Content/VREditor/TransformGizmo/TranslucentTransformGizmoMaterial_Inst.uexp" 387
"../../../Engine/Content/VREditor/TransformGizmo/TranslucentTransformGizmoMaterial_Inst.uasset" 388
"../../../Engine/Content/VREditor/TransformGizmo/TransformGizmoFreeRotation.uasset" 389
"../../../Engine/Content/VREditor/TransformGizmo/TransformGizmoFreeRotation.uexp" 390
"../../../Engine/Content/VREditor/Sounds/UI/Scaling_Down.ubulk" 391
"../../../Engine/Content/VREditor/Sounds/UI/Scaling_Down.uexp" 392
"../../../Engine/Content/VREditor/Sounds/UI/Scaling_Down.uasset" 393
"../../../Engine/Content/Functions/Engine_MaterialFunctions02/Math/Transform3x3Matrix.uasset" 394
"../../../Engine/Content/Functions/Engine_MaterialFunctions02/Math/Transform3x3Matrix.uexp" 395
"../../../Engine/Content/Functions/Engine_MaterialFunctions02/SplitComponents.uasset" 396
"../../../Engine/Content/Functions/Engine_MaterialFunctions02/SplitComponents.uexp" 397
"../../../Engine/Content/Functions/Engine_MaterialFunctions02/Utility/MakeFloat3.uexp" 398
"../../../Engine/Content/Functions/Engine_MaterialFunctions02/Utility/MakeFloat3.uasset" 399
"../../../Engine/Content/VREditor/SnapGrid/SnapGridMaterial.uasset" 400
"../../../Engine/Content/VREditor/SnapGrid/SnapGridMaterial.uexp" 401
"../../../Engine/Content/VREditor/SnapGrid/SnapGridPlaneMesh.uexp" 402
"../../../Engine/Content/VREditor/SnapGrid/SnapGridPlaneMesh.uasset" 403
"../../../Engine/Content/VREditor/Sounds/UI/Scaling_Up.ubulk" 404
"../../../Engine/Content/VREditor/Sounds/UI/Scaling_Up.uasset" 405
"../../../Engine/Content/VREditor/Sounds/UI/Scaling_Up.uexp" 406
"../../../Engine/Content/VREditor/TransformGizmo/TransformGizmoMaterial_Inst.uexp" 407
"../../../Engine/Content/VREditor/TransformGizmo/TransformGizmoMaterial_Inst.uasset" 408
"../../../Engine/Content/VREditor/Sounds/UI/Gizmo_Handle_Clicked.uasset" 409
"../../../Engine/Content/VREditor/Sounds/UI/Gizmo_Handle_Clicked.uexp" 410
"../../../Engine/Content/VREditor/Sounds/UI/Gizmo_Handle_Clicked.ubulk" 411
"../../../Engine/Content/VREditor/TransformGizmo/RotationHandleQuarter.uasset" 412
"../../../Engine/Content/VREditor/TransformGizmo/RotationHandleQuarter.uexp" 413
"../../../Engine/Content/VREditor/TransformGizmo/TranslateArrowHandle.uasset" 414
"../../../Engine/Content/VREditor/TransformGizmo/TranslateArrowHandle.uexp" 415
"../../../Engine/Content/VREditor/TransformGizmo/RotationHandleIndicator.uexp" 416
"../../../Engine/Content/VREditor/TransformGizmo/RotationHandleIndicator.uasset" 417
"../../../Engine/Content/VREditor/TransformGizmo/UniformScaleHandle.uasset" 418
"../../../Engine/Content/VREditor/TransformGizmo/UniformScaleHandle.uexp" 419
"../../../Engine/Content/VREditor/TransformGizmo/RotationHandleFull.uexp" 420
"../../../Engine/Content/VREditor/TransformGizmo/RotationHandleFull.uasset" 421
"../../../Engine/Content/VREditor/Sounds/UI/Object_PickUp.ubulk" 422
"../../../Engine/Content/VREditor/Sounds/UI/Object_PickUp.uexp" 423
"../../../Engine/Content/VREditor/Sounds/UI/Object_PickUp.uasset" 424
"../../../Engine/Content/EngineSounds/Master.uexp" 425
"../../../Engine/Content/EngineSounds/Master.uasset" 426
"../../../Engine/Content/EngineMaterials/DefaultLightFunctionMaterial.uasset" 427
"../../../Engine/Content/EngineMaterials/DefaultLightFunctionMaterial.uexp" 428
"../../../Engine/Content/EngineResources/WhiteSquareTexture.uexp" 429
"../../../Engine/Content/EngineResources/WhiteSquareTexture.uasset" 430
"../../../Engine/Content/EngineMaterials/Widget3DPassThrough.uexp" 431
"../../../Engine/Content/EngineMaterials/Widget3DPassThrough.uasset" 432
"../../../Engine/Content/EngineMaterials/Widget3DPassThrough_Opaque.uasset" 433
"../../../Engine/Content/EngineMaterials/Widget3DPassThrough_Opaque.uexp" 434
"../../../Engine/Content/EngineMaterials/Widget3DPassThrough_Opaque_OneSided.uasset" 435
"../../../Engine/Content/EngineMaterials/Widget3DPassThrough_Opaque_OneSided.uexp" 436
"../../../Engine/Content/EngineFonts/RobotoDistanceField.uexp" 437
"../../../Engine/Content/EngineFonts/RobotoDistanceField.uasset" 438
"../../../Engine/Content/EngineMaterials/DefaultTextMaterialOpaque.uexp" 439
"../../../Engine/Content/EngineMaterials/DefaultTextMaterialOpaque.uasset" 440
"../../../Engine/Content/EngineMaterials/InvalidLightmapSettings.ubulk" 441
"../../../Engine/Content/EngineMaterials/InvalidLightmapSettings.uasset" 442
"../../../Engine/Content/EngineMaterials/InvalidLightmapSettings.uexp" 443
"../../../Engine/Content/EngineMaterials/M_InvalidLightmapSettings.uexp" 444
"../../../Engine/Content/EngineMaterials/M_InvalidLightmapSettings.uasset" 445
"../../../Engine/Content/EngineMaterials/BaseFlattenEmissiveMap_VT.uexp" 446
"../../../Engine/Content/EngineMaterials/BaseFlattenEmissiveMap_VT.uasset" 447
"../../../Engine/Content/EngineMaterials/BaseFlattenGrayscaleMap_VT.uexp" 448
"../../../Engine/Content/EngineMaterials/BaseFlattenGrayscaleMap_VT.uasset" 449
"../../../Engine/Content/EngineMaterials/BaseFlattenLinearColor_VT.uasset" 450
"../../../Engine/Content/EngineMaterials/BaseFlattenLinearColor_VT.uexp" 451
"../../../Engine/Content/EngineMaterials/Black_1x1_EXR_Texture_VT.uasset" 452
"../../../Engine/Content/EngineMaterials/Black_1x1_EXR_Texture_VT.uexp" 453
"../../../Engine/Content/EngineMaterials/BaseFlattenDiffuseMap_VT.uasset" 454
"../../../Engine/Content/EngineMaterials/BaseFlattenDiffuseMap_VT.uexp" 455
"../../../Engine/Content/EngineMaterials/BaseFlattenNormalMap_VT.uasset" 456
"../../../Engine/Content/EngineMaterials/BaseFlattenNormalMap_VT.uexp" 457
"../../../Engine/Content/EngineMaterials/FlattenMaterial_VT.uasset" 458
"../../../Engine/Content/EngineMaterials/FlattenMaterial_VT.uexp" 459
"../../../Engine/Content/EngineMaterials/DefaultPhysicalMaterial.uasset" 460
"../../../Engine/Content/EngineMaterials/DefaultPhysicalMaterial.uexp" 461
"../../../Engine/Content/EngineMaterials/DefaultDiffuse.ubulk" 462
"../../../Engine/Content/EngineMaterials/DefaultDiffuse.uexp" 463
"../../../Engine/Content/EngineMaterials/DefaultDiffuse.uasset" 464
"../../../Engine/Content/Functions/Engine_MaterialFunctions02/Utility/BreakOutFloat2Components.uasset" 465
"../../../Engine/Content/Functions/Engine_MaterialFunctions02/Utility/BreakOutFloat2Components.uexp" 466
"../../../Engine/Content/EngineMaterials/DefaultPostProcessMaterial.uexp" 467
"../../../Engine/Content/EngineMaterials/DefaultPostProcessMaterial.uasset" 468
"../../../Engine/Content/EngineMaterials/DefaultDeferredDecalMaterial.uexp" 469
"../../../Engine/Content/EngineMaterials/DefaultDeferredDecalMaterial.uasset" 470
"../../../Engine/Content/EngineMaterials/RemoveSurfaceMaterial.uasset" 471
"../../../Engine/Content/EngineMaterials/RemoveSurfaceMaterial.uexp" 472
"../../../Engine/Content/EngineMaterials/FlattenMaterial_WS_Normal_VT.uexp" 473
"../../../Engine/Content/EngineMaterials/FlattenMaterial_WS_Normal_VT.uasset" 474
"../../../Engine/Content/EngineMaterials/DefaultBloomKernel.uexp" 475
"../../../Engine/Content/EngineMaterials/DefaultBloomKernel.uasset" 476
"../../../Engine/Content/EngineMaterials/Widget3DPassThrough_Masked_OneSided.uexp" 477
"../../../Engine/Content/EngineMaterials/Widget3DPassThrough_Masked_OneSided.uasset" 478
"../../../Engine/Content/EngineMaterials/DefaultWhiteGrid_Low.uasset" 479
"../../../Engine/Content/EngineMaterials/DefaultWhiteGrid_Low.uexp" 480
"../../../Engine/Content/EngineMaterials/EmissiveMeshMaterial.uexp" 481
"../../../Engine/Content/EngineMaterials/EmissiveMeshMaterial.uasset" 482
"../../../Engine/Content/EngineMaterials/STBlueNoise_scalar_128x128x64.uasset" 483
"../../../Engine/Content/EngineMaterials/STBlueNoise_scalar_128x128x64.uexp" 484
"../../../Engine/Content/EngineMaterials/BaseFlattenNormalMap.uexp" 485
"../../../Engine/Content/EngineMaterials/BaseFlattenNormalMap.uasset" 486
"../../../Engine/Content/EngineMaterials/BaseFlattenGrayscaleMap.uasset" 487
"../../../Engine/Content/EngineMaterials/BaseFlattenGrayscaleMap.uexp" 488
"../../../Engine/Content/EngineMaterials/BaseFlattenDiffuseMap.uasset" 489
"../../../Engine/Content/EngineMaterials/BaseFlattenDiffuseMap.uexp" 490
"../../../Engine/Content/Functions/Engine_MaterialFunctions02/PivotPainter2/Black_1x1_EXR_Texture.uexp" 491
"../../../Engine/Content/Functions/Engine_MaterialFunctions02/PivotPainter2/Black_1x1_EXR_Texture.uasset" 492
"../../../Engine/Content/EngineMaterials/BaseFlattenEmissiveMap.uexp" 493
"../../../Engine/Content/EngineMaterials/BaseFlattenEmissiveMap.uasset" 494
"../../../Engine/Content/EngineMaterials/BaseFlattenLinearColor.uasset" 495
"../../../Engine/Content/EngineMaterials/BaseFlattenLinearColor.uexp" 496
"../../../Engine/Content/EngineMaterials/FlattenMaterial.uasset" 497
"../../../Engine/Content/EngineMaterials/FlattenMaterial.uexp" 498
"../../../Engine/Content/EngineMaterials/GizmoMaterial.uexp" 499
"../../../Engine/Content/EngineMaterials/GizmoMaterial.uasset" 500
"../../../Engine/Content/EngineMaterials/DefaultDestructiblePhysicalMaterial.uasset" 501
"../../../Engine/Content/EngineMaterials/DefaultDestructiblePhysicalMaterial.uexp" 502
"../../../Engine/Content/EngineMaterials/PhAT_JointLimitMaterial.uasset" 503
"../../../Engine/Content/EngineMaterials/PhAT_JointLimitMaterial.uexp" 504
"../../../Engine/Content/EngineMaterials/STBlueNoise_vec2_128x128x64.uasset" 505
"../../../Engine/Content/EngineMaterials/STBlueNoise_vec2_128x128x64.uexp" 506
"../../../Engine/Content/EngineMaterials/DefaultCalibrationColor.uexp" 507
"../../../Engine/Content/EngineMaterials/DefaultCalibrationColor.uasset" 508
"../../../Engine/Content/EngineMaterials/PPM_DefaultCalibrationColor.uasset" 509
"../../../Engine/Content/EngineMaterials/PPM_DefaultCalibrationColor.uexp" 510
"../../../Engine/Content/EngineMaterials/Widget3DPassThrough_Translucent.uasset" 511
"../../../Engine/Content/EngineMaterials/Widget3DPassThrough_Translucent.uexp" 512
"../../../Engine/Content/EngineMaterials/Widget3DPassThrough_Translucent_OneSided.uasset" 513
"../../../Engine/Content/EngineMaterials/Widget3DPassThrough_Translucent_OneSided.uexp" 514
"../../../Engine/Content/EngineMaterials/Widget3DPassThrough_Masked.uasset" 515
"../../../Engine/Content/EngineMaterials/Widget3DPassThrough_Masked.uexp" 516
"../../../Engine/Content/EngineMaterials/NaniteHiddenSectionMaterial.uasset" 517
"../../../Engine/Content/EngineMaterials/NaniteHiddenSectionMaterial.uexp" 518
"../../../Engine/Content/EngineMaterials/DefaultCalibrationGrayscale.uexp" 519
"../../../Engine/Content/EngineMaterials/DefaultCalibrationGrayscale.uasset" 520
"../../../Engine/Content/EngineMaterials/PPM_DefaultCalibrationGrayscale.uasset" 521
"../../../Engine/Content/EngineMaterials/PPM_DefaultCalibrationGrayscale.uexp" 522
"../../../Engine/Content/EngineFonts/Faces/RobotoLight.ufont" 523
"../../../Engine/Content/EngineFonts/Faces/RobotoLight.uasset" 524
"../../../Engine/Content/EngineFonts/Faces/RobotoLight.uexp" 525
"../../../Engine/Content/EngineFonts/Faces/RobotoBold.ufont" 526
"../../../Engine/Content/EngineFonts/Faces/RobotoBold.uasset" 527
"../../../Engine/Content/EngineFonts/Faces/RobotoBold.uexp" 528
"../../../Engine/Content/EngineFonts/Faces/RobotoRegular.uasset" 529
"../../../Engine/Content/EngineFonts/Faces/RobotoRegular.uexp" 530
"../../../Engine/Content/EngineFonts/Faces/RobotoRegular.ufont" 531
"../../../Engine/Content/EngineFonts/Faces/DroidSansFallback.uasset" 532
"../../../Engine/Content/EngineFonts/Faces/DroidSansFallback.ufont" 533
"../../../Engine/Content/EngineFonts/Faces/DroidSansFallback.uexp" 534
"../../../Engine/Content/EngineFonts/Faces/RobotoItalic.ufont" 535
"../../../Engine/Content/EngineFonts/Faces/RobotoItalic.uasset" 536
"../../../Engine/Content/EngineFonts/Faces/RobotoItalic.uexp" 537
"../../../Engine/Content/EngineFonts/Faces/RobotoBoldItalic.uasset" 538
"../../../Engine/Content/EngineFonts/Faces/RobotoBoldItalic.uexp" 539
"../../../Engine/Content/EngineFonts/Faces/RobotoBoldItalic.ufont" 540
"../../../Engine/Content/EngineFonts/Roboto.uasset" 541
"../../../Engine/Content/EngineFonts/Roboto.uexp" 542
"../../../Engine/Content/EngineDebugMaterials/DebugMeshMaterial.uexp" 543
"../../../Engine/Content/EngineDebugMaterials/DebugMeshMaterial.uasset" 544
"../../../Engine/Content/EngineDebugMaterials/M_SimpleUnlitTranslucent.uexp" 545
"../../../Engine/Content/EngineDebugMaterials/M_SimpleUnlitTranslucent.uasset" 546
"../../../Engine/Content/EngineDebugMaterials/VolumeToRender.uexp" 547
"../../../Engine/Content/EngineDebugMaterials/VolumeToRender.uasset" 548
"../../../Engine/Content/EngineDebugMaterials/M_VolumeRenderSphereTracePP.uexp" 549
"../../../Engine/Content/EngineDebugMaterials/M_VolumeRenderSphereTracePP.uasset" 550
"../../../Engine/Content/EngineDebugMaterials/DebugEditorMaterial.uasset" 551
"../../../Engine/Content/EngineDebugMaterials/DebugEditorMaterial.uexp" 552
"../../../Engine/Content/EngineDamageTypes/DmgTypeBP_Environmental.uasset" 553
"../../../Engine/Content/EngineDamageTypes/DmgTypeBP_Environmental.uexp" 554
"../../../Engine/Content/EditorResources/BSPVertex.uexp" 555
"../../../Engine/Content/EditorResources/BSPVertex.uasset" 556
"../../../Engine/Content/EditorMaterials/PhAT_UnselectedMaterial.uexp" 557
"../../../Engine/Content/EditorMaterials/PhAT_UnselectedMaterial.uasset" 558
"../../../Engine/Content/EditorMaterials/PhAT_NoCollisionMaterial.uexp" 559
"../../../Engine/Content/EditorMaterials/PhAT_NoCollisionMaterial.uasset" 560
"../../../Engine/Content/EditorMaterials/PreviewShadowIndicator.uasset" 561
"../../../Engine/Content/EditorMaterials/PreviewShadowIndicator.uexp" 562
"../../../Engine/Content/EditorMaterials/PreviewShadowIndicator.ubulk" 563
"../../../Engine/Content/EditorMaterials/PreviewShadowIndicatorMaterial.uasset" 564
"../../../Engine/Content/EditorMaterials/PreviewShadowIndicatorMaterial.uexp" 565
"../../../Engine/Content/EditorLandscapeResources/DataLayer.uasset" 566
"../../../Engine/Content/EditorLandscapeResources/DataLayer.uexp" 567
"../../../Engine/Content/BasicShapes/Sphere.uexp" 568
"../../../Engine/Content/BasicShapes/Sphere.uasset" 569
"../../../Engine/Content/BasicShapes/BasicShapeMaterial.uexp" 570
"../../../Engine/Content/BasicShapes/BasicShapeMaterial.uasset" 571
"../../../Engine/Content/BasicShapes/Plane.uasset" 572
"../../../Engine/Content/BasicShapes/Plane.uexp" 573
"../../../Engine/Content/BasicShapes/Cone.uexp" 574
"../../../Engine/Content/BasicShapes/Cone.uasset" 575
"../../../Engine/Content/Animation/DefaultVariableFrameStrippingSettings.uexp" 576
"../../../Engine/Content/Animation/DefaultVariableFrameStrippingSettings.uasset" 577
"../../../Engine/Content/Animation/DefaultRecorderBoneCompression.uexp" 578
"../../../Engine/Content/Animation/DefaultRecorderBoneCompression.uasset" 579
"../../../Engine/Plugins/Interchange/Runtime/Content/gltf/MaterialFunctions/MF_RotateV2.uasset" 580
"../../../Engine/Plugins/Interchange/Runtime/Content/gltf/MaterialFunctions/MF_RotateV2.uexp" 581
"../../../Engine/Plugins/Interchange/Runtime/Content/gltf/MaterialFunctions/MF_TransformUVs.uasset" 582
"../../../Engine/Plugins/Interchange/Runtime/Content/gltf/MaterialFunctions/MF_TransformUVs.uexp" 583
"../../../Engine/Plugins/Interchange/Runtime/Content/gltf/Textures/T_White_srgb.uasset" 584
"../../../Engine/Plugins/Interchange/Runtime/Content/gltf/Textures/T_White_srgb.uexp" 585
"../../../Engine/Plugins/Interchange/Runtime/Content/gltf/MaterialFunctions/MF_BaseColor.uexp" 586
"../../../Engine/Plugins/Interchange/Runtime/Content/gltf/MaterialFunctions/MF_BaseColor.uasset" 587
"../../../Engine/Plugins/Interchange/Runtime/Content/gltf/MaterialFunctions/MF_Iridescence.uasset" 588
"../../../Engine/Plugins/Interchange/Runtime/Content/gltf/MaterialFunctions/MF_Iridescence.uexp" 589
"../../../Engine/Plugins/Interchange/Runtime/Content/gltf/Textures/T_White_Linear.uexp" 590
"../../../Engine/Plugins/Interchange/Runtime/Content/gltf/Textures/T_White_Linear.uasset" 591
"../../../Engine/Plugins/Interchange/Runtime/Content/gltf/MaterialFunctions/MF_MetallicRoughness.uexp" 592
"../../../Engine/Plugins/Interchange/Runtime/Content/gltf/MaterialFunctions/MF_MetallicRoughness.uasset" 593
"../../../Engine/Plugins/Interchange/Runtime/Content/gltf/MaterialFunctions/MF_RotateNormals_TS.uexp" 594
"../../../Engine/Plugins/Interchange/Runtime/Content/gltf/MaterialFunctions/MF_RotateNormals_TS.uasset" 595
"../../../Engine/Plugins/Interchange/Runtime/Content/gltf/MaterialFunctions/MF_Occlusion.uasset" 596
"../../../Engine/Plugins/Interchange/Runtime/Content/gltf/MaterialFunctions/MF_Occlusion.uexp" 597
"../../../Engine/Plugins/Interchange/Runtime/Content/gltf/MaterialFunctions/MF_Emissive.uexp" 598
"../../../Engine/Plugins/Interchange/Runtime/Content/gltf/MaterialFunctions/MF_Emissive.uasset" 599
"../../../Engine/Plugins/Interchange/Runtime/Content/gltf/MaterialFunctions/MF_Specular.uexp" 600
"../../../Engine/Plugins/Interchange/Runtime/Content/gltf/MaterialFunctions/MF_Specular.uasset" 601
"../../../Engine/Plugins/Interchange/Runtime/Content/gltf/MaterialFunctions/MF_Sheen.uasset" 602
"../../../Engine/Plugins/Interchange/Runtime/Content/gltf/MaterialFunctions/MF_Sheen.uexp" 603
"../../../Engine/Plugins/Interchange/Runtime/Content/gltf/MaterialFunctions/MF_IOR.uexp" 604
"../../../Engine/Plugins/Interchange/Runtime/Content/gltf/MaterialFunctions/MF_IOR.uasset" 605
"../../../Engine/Plugins/Interchange/Runtime/Content/gltf/Textures/T_Generic_N.uasset" 606
"../../../Engine/Plugins/Interchange/Runtime/Content/gltf/Textures/T_Generic_N.uexp" 607
"../../../Engine/Plugins/Interchange/Runtime/Content/gltf/MaterialFunctions/MF_Normals.uasset" 608
"../../../Engine/Plugins/Interchange/Runtime/Content/gltf/MaterialFunctions/MF_Normals.uexp" 609
"../../../Engine/Plugins/Interchange/Runtime/Content/gltf/MaterialBodies/MF_Sheen_Body.uexp" 610
"../../../Engine/Plugins/Interchange/Runtime/Content/gltf/MaterialBodies/MF_Sheen_Body.uasset" 611
"../../../Engine/Plugins/Interchange/Runtime/Content/gltf/M_Sheen.uasset" 612
"../../../Engine/Plugins/Interchange/Runtime/Content/gltf/M_Sheen.uexp" 613
"../../../Engine/Plugins/Interchange/Runtime/Content/gltf/MaterialInstances/MI_Sheen_Blend_DS.uexp" 614
"../../../Engine/Plugins/Interchange/Runtime/Content/gltf/MaterialInstances/MI_Sheen_Blend_DS.uasset" 615
"../../../Engine/Content/Functions/Engine_MaterialFunctions01/Texturing/FlattenNormal.uasset" 616
"../../../Engine/Content/Functions/Engine_MaterialFunctions01/Texturing/FlattenNormal.uexp" 617
"../../../Engine/Plugins/Interchange/Runtime/Content/gltf/MaterialFunctions/MF_Clearcoat.uexp" 618
"../../../Engine/Plugins/Interchange/Runtime/Content/gltf/MaterialFunctions/MF_Clearcoat.uasset" 619
"../../../Engine/Plugins/Interchange/Runtime/Content/gltf/MaterialBodies/MF_ClearCoat_Body.uexp" 620
"../../../Engine/Plugins/Interchange/Runtime/Content/gltf/MaterialBodies/MF_ClearCoat_Body.uasset" 621
"../../../Engine/Plugins/Interchange/Runtime/Content/gltf/M_ClearCoat.uexp" 622
"../../../Engine/Plugins/Interchange/Runtime/Content/gltf/M_ClearCoat.uasset" 623
"../../../Engine/Plugins/Interchange/Runtime/Content/gltf/MaterialInstances/MI_ClearCoat_Mask.uexp" 624
"../../../Engine/Plugins/Interchange/Runtime/Content/gltf/MaterialInstances/MI_ClearCoat_Mask.uasset" 625
"../../../Engine/Plugins/Interchange/Runtime/Content/gltf/MaterialFunctions/MF_Transmission.uasset" 626
"../../../Engine/Plugins/Interchange/Runtime/Content/gltf/MaterialFunctions/MF_Transmission.uexp" 627
"../../../Engine/Plugins/Interchange/Runtime/Content/gltf/MaterialBodies/MF_Transmission_Body.uasset" 628
"../../../Engine/Plugins/Interchange/Runtime/Content/gltf/MaterialBodies/MF_Transmission_Body.uexp" 629
"../../../Engine/Plugins/Interchange/Runtime/Content/gltf/M_Transmission.uasset" 630
"../../../Engine/Plugins/Interchange/Runtime/Content/gltf/M_Transmission.uexp" 631
"../../../Engine/Plugins/Interchange/Runtime/Content/gltf/MaterialInstances/MI_Transmission.uexp" 632
"../../../Engine/Plugins/Interchange/Runtime/Content/gltf/MaterialInstances/MI_Transmission.uasset" 633
"../../../Engine/Plugins/Interchange/Runtime/Content/gltf/MaterialInstances/MI_ClearCoat_Blend_DS.uexp" 634
"../../../Engine/Plugins/Interchange/Runtime/Content/gltf/MaterialInstances/MI_ClearCoat_Blend_DS.uasset" 635
"../../../Engine/Plugins/Interchange/Runtime/Content/gltf/MaterialFunctions/MF_DiffuseSpecGloss.uasset" 636
"../../../Engine/Plugins/Interchange/Runtime/Content/gltf/MaterialFunctions/MF_DiffuseSpecGloss.uexp" 637
"../../../Engine/Content/Functions/Engine_MaterialFunctions02/Math/AddComponents.uexp" 638
"../../../Engine/Content/Functions/Engine_MaterialFunctions02/Math/AddComponents.uasset" 639
"../../../Engine/Plugins/Interchange/Runtime/Content/gltf/MaterialFunctions/MF_PerceivedBrightness.uasset" 640
"../../../Engine/Plugins/Interchange/Runtime/Content/gltf/MaterialFunctions/MF_PerceivedBrightness.uexp" 641
"../../../Engine/Plugins/Interchange/Runtime/Content/gltf/MaterialFunctions/MF_SpecGlossToMetalRoughness.uasset" 642
"../../../Engine/Plugins/Interchange/Runtime/Content/gltf/MaterialFunctions/MF_SpecGlossToMetalRoughness.uexp" 643
"../../../Engine/Plugins/Interchange/Runtime/Content/gltf/MaterialBodies/MF_SpecularGlossiness_Body.uasset" 644
"../../../Engine/Plugins/Interchange/Runtime/Content/gltf/MaterialBodies/MF_SpecularGlossiness_Body.uexp" 645
"../../../Engine/Plugins/Interchange/Runtime/Content/gltf/M_SpecularGlossiness.uexp" 646
"../../../Engine/Plugins/Interchange/Runtime/Content/gltf/M_SpecularGlossiness.uasset" 647
"../../../Engine/Plugins/Interchange/Runtime/Content/gltf/MaterialInstances/MI_SpecularGlossiness_Mask_DS.uexp" 648
"../../../Engine/Plugins/Interchange/Runtime/Content/gltf/MaterialInstances/MI_SpecularGlossiness_Mask_DS.uasset" 649
"../../../Engine/Plugins/Interchange/Runtime/Content/gltf/MaterialBodies/MF_Unlit_Body.uasset" 650
"../../../Engine/Plugins/Interchange/Runtime/Content/gltf/MaterialBodies/MF_Unlit_Body.uexp" 651
"../../../Engine/Plugins/Interchange/Runtime/Content/gltf/M_Unlit.uasset" 652
"../../../Engine/Plugins/Interchange/Runtime/Content/gltf/M_Unlit.uexp" 653
"../../../Engine/Plugins/Interchange/Runtime/Content/gltf/MaterialInstances/MI_Unlit_Mask.uasset" 654
"../../../Engine/Plugins/Interchange/Runtime/Content/gltf/MaterialInstances/MI_Unlit_Mask.uexp" 655
"../../../Engine/Plugins/Interchange/Runtime/Content/gltf/MaterialInstances/MI_Unlit_Opaque.uexp" 656
"../../../Engine/Plugins/Interchange/Runtime/Content/gltf/MaterialInstances/MI_Unlit_Opaque.uasset" 657
"../../../Engine/Plugins/Interchange/Runtime/Content/gltf/MaterialInstances/MI_ClearCoat_Opaque.uexp" 658
"../../../Engine/Plugins/Interchange/Runtime/Content/gltf/MaterialInstances/MI_ClearCoat_Opaque.uasset" 659
"../../../Engine/Plugins/Interchange/Runtime/Content/gltf/MaterialInstances/MI_Transmission_DS.uexp" 660
"../../../Engine/Plugins/Interchange/Runtime/Content/gltf/MaterialInstances/MI_Transmission_DS.uasset" 661
"../../../Engine/Plugins/Interchange/Runtime/Content/gltf/MaterialInstances/MI_SpecularGlossiness_Opaque_DS.uexp" 662
"../../../Engine/Plugins/Interchange/Runtime/Content/gltf/MaterialInstances/MI_SpecularGlossiness_Opaque_DS.uasset" 663
"../../../Engine/Plugins/Interchange/Runtime/Content/gltf/MaterialInstances/MI_Unlit_Blend_DS.uexp" 664
"../../../Engine/Plugins/Interchange/Runtime/Content/gltf/MaterialInstances/MI_Unlit_Blend_DS.uasset" 665
"../../../Engine/Plugins/Interchange/Runtime/Content/gltf/MaterialInstances/MI_SpecularGlossiness_Opaque.uasset" 666
"../../../Engine/Plugins/Interchange/Runtime/Content/gltf/MaterialInstances/MI_SpecularGlossiness_Opaque.uexp" 667
"../../../Engine/Plugins/Interchange/Runtime/Content/gltf/MaterialInstances/MI_ClearCoat_Mask_DS.uexp" 668
"../../../Engine/Plugins/Interchange/Runtime/Content/gltf/MaterialInstances/MI_ClearCoat_Mask_DS.uasset" 669
"../../../Engine/Plugins/Interchange/Runtime/Content/gltf/MaterialInstances/MI_SpecularGlossiness_Mask.uexp" 670
"../../../Engine/Plugins/Interchange/Runtime/Content/gltf/MaterialInstances/MI_SpecularGlossiness_Mask.uasset" 671
"../../../Engine/Plugins/Interchange/Runtime/Content/gltf/MaterialInstances/MI_Sheen_Opaque_DS.uasset" 672
"../../../Engine/Plugins/Interchange/Runtime/Content/gltf/MaterialInstances/MI_Sheen_Opaque_DS.uexp" 673
"../../../Engine/Plugins/Interchange/Runtime/Content/gltf/MaterialInstances/MI_Unlit_Mask_DS.uasset" 674
"../../../Engine/Plugins/Interchange/Runtime/Content/gltf/MaterialInstances/MI_Unlit_Mask_DS.uexp" 675
"../../../Engine/Plugins/Interchange/Runtime/Content/gltf/MaterialInstances/MI_Sheen_Mask.uexp" 676
"../../../Engine/Plugins/Interchange/Runtime/Content/gltf/MaterialInstances/MI_Sheen_Mask.uasset" 677
"../../../Engine/Plugins/Interchange/Runtime/Content/gltf/MaterialInstances/MI_Unlit_Blend.uasset" 678
"../../../Engine/Plugins/Interchange/Runtime/Content/gltf/MaterialInstances/MI_Unlit_Blend.uexp" 679
"../../../Engine/Plugins/Interchange/Runtime/Content/gltf/MaterialBodies/MF_Default_Body.uasset" 680
"../../../Engine/Plugins/Interchange/Runtime/Content/gltf/MaterialBodies/MF_Default_Body.uexp" 681
"../../../Engine/Plugins/Interchange/Runtime/Content/gltf/M_Default.uasset" 682
"../../../Engine/Plugins/Interchange/Runtime/Content/gltf/M_Default.uexp" 683
"../../../Engine/Plugins/Interchange/Runtime/Content/gltf/MaterialInstances/MI_Default_Opaque_DS.uexp" 684
"../../../Engine/Plugins/Interchange/Runtime/Content/gltf/MaterialInstances/MI_Default_Opaque_DS.uasset" 685
"../../../Engine/Plugins/Interchange/Runtime/Content/gltf/MaterialInstances/MI_Default_Mask_DS.uexp" 686
"../../../Engine/Plugins/Interchange/Runtime/Content/gltf/MaterialInstances/MI_Default_Mask_DS.uasset" 687
"../../../Engine/Plugins/Interchange/Runtime/Content/gltf/MaterialInstances/MI_Sheen_Opaque.uasset" 688
"../../../Engine/Plugins/Interchange/Runtime/Content/gltf/MaterialInstances/MI_Sheen_Opaque.uexp" 689
"../../../Engine/Plugins/Interchange/Runtime/Content/gltf/MaterialInstances/MI_Sheen_Mask_DS.uasset" 690
"../../../Engine/Plugins/Interchange/Runtime/Content/gltf/MaterialInstances/MI_Sheen_Mask_DS.uexp" 691
"../../../Engine/Plugins/Interchange/Runtime/Content/gltf/MaterialInstances/MI_Unlit_Opaque_DS.uexp" 692
"../../../Engine/Plugins/Interchange/Runtime/Content/gltf/MaterialInstances/MI_Unlit_Opaque_DS.uasset" 693
"../../../Engine/Plugins/Interchange/Runtime/Content/gltf/MaterialInstances/MI_ClearCoat_Blend.uexp" 694
"../../../Engine/Plugins/Interchange/Runtime/Content/gltf/MaterialInstances/MI_ClearCoat_Blend.uasset" 695
"../../../Engine/Plugins/Interchange/Runtime/Content/gltf/MaterialInstances/MI_Default_Blend.uasset" 696
"../../../Engine/Plugins/Interchange/Runtime/Content/gltf/MaterialInstances/MI_Default_Blend.uexp" 697
"../../../Engine/Plugins/Interchange/Runtime/Content/gltf/MaterialInstances/MI_Default_Opaque.uexp" 698
"../../../Engine/Plugins/Interchange/Runtime/Content/gltf/MaterialInstances/MI_Default_Opaque.uasset" 699
"../../../Engine/Plugins/Interchange/Runtime/Content/gltf/MaterialInstances/MI_Default_Blend_DS.uexp" 700
"../../../Engine/Plugins/Interchange/Runtime/Content/gltf/MaterialInstances/MI_Default_Blend_DS.uasset" 701
"../../../Engine/Plugins/Interchange/Runtime/Content/gltf/MaterialInstances/MI_SpecularGlossiness_Blend.uasset" 702
"../../../Engine/Plugins/Interchange/Runtime/Content/gltf/MaterialInstances/MI_SpecularGlossiness_Blend.uexp" 703
"../../../Engine/Plugins/Interchange/Runtime/Content/gltf/MaterialInstances/MI_ClearCoat_Opaque_DS.uexp" 704
"../../../Engine/Plugins/Interchange/Runtime/Content/gltf/MaterialInstances/MI_ClearCoat_Opaque_DS.uasset" 705
"../../../Engine/Plugins/Interchange/Runtime/Content/gltf/MaterialInstances/MI_Sheen_Blend.uexp" 706
"../../../Engine/Plugins/Interchange/Runtime/Content/gltf/MaterialInstances/MI_Sheen_Blend.uasset" 707
"../../../Engine/Plugins/Interchange/Runtime/Content/gltf/MaterialInstances/MI_SpecularGlossiness_Blend_DS.uasset" 708
"../../../Engine/Plugins/Interchange/Runtime/Content/gltf/MaterialInstances/MI_SpecularGlossiness_Blend_DS.uexp" 709
"../../../Engine/Plugins/Interchange/Runtime/Content/gltf/MaterialInstances/MI_Default_Mask.uasset" 710
"../../../Engine/Plugins/Interchange/Runtime/Content/gltf/MaterialInstances/MI_Default_Mask.uexp" 711
"../../../Engine/Content/MobileResources/HUD/VirtualJoystick_Background.uexp" 712
"../../../Engine/Content/MobileResources/HUD/VirtualJoystick_Background.uasset" 713
"../../../Engine/Content/MobileResources/HUD/VirtualJoystick_Thumb.uasset" 714
"../../../Engine/Content/MobileResources/HUD/VirtualJoystick_Thumb.uexp" 715
"../../../Engine/Content/MobileResources/HUD/DefaultVirtualJoysticks.uasset" 716
"../../../Engine/Content/MobileResources/HUD/DefaultVirtualJoysticks.uexp" 717
"../../../Engine/Content/EngineSky/VolumetricClouds/CloudWeatherTexture.uexp" 718
"../../../Engine/Content/EngineSky/VolumetricClouds/CloudWeatherTexture.uasset" 719
"../../../Engine/Content/Functions/Engine_MaterialFunctions02/Utility/MakeFloat2.uexp" 720
"../../../Engine/Content/Functions/Engine_MaterialFunctions02/Utility/MakeFloat2.uasset" 721
"../../../Engine/Content/EngineSky/VolumetricClouds/CloudGradientTexture.uexp" 722
"../../../Engine/Content/EngineSky/VolumetricClouds/CloudGradientTexture.uasset" 723
"../../../Engine/Content/EngineSky/VolumetricClouds/T_NoiseShape64.ubulk" 724
"../../../Engine/Content/EngineSky/VolumetricClouds/T_NoiseShape64.uexp" 725
"../../../Engine/Content/EngineSky/VolumetricClouds/T_NoiseShape64.uasset" 726
"../../../Engine/Content/EngineSky/VolumetricClouds/T_VolumeNoiseShape64.uasset" 727
"../../../Engine/Content/EngineSky/VolumetricClouds/T_VolumeNoiseShape64.uexp" 728
"../../../Engine/Content/EngineSky/VolumetricClouds/T_NoiseErosion.ubulk" 729
"../../../Engine/Content/EngineSky/VolumetricClouds/T_NoiseErosion.uexp" 730
"../../../Engine/Content/EngineSky/VolumetricClouds/T_NoiseErosion.uasset" 731
"../../../Engine/Content/EngineSky/VolumetricClouds/T_VolumeNoiseErosion32.uasset" 732
"../../../Engine/Content/EngineSky/VolumetricClouds/T_VolumeNoiseErosion32.uexp" 733
"../../../Engine/Content/EngineSky/VolumetricClouds/m_SimpleVolumetricCloud.uasset" 734
"../../../Engine/Content/EngineSky/VolumetricClouds/m_SimpleVolumetricCloud.uexp" 735
"../../../Engine/Content/EngineSky/VolumetricClouds/m_SimpleVolumetricCloud_Inst.uexp" 736
"../../../Engine/Content/EngineSky/VolumetricClouds/m_SimpleVolumetricCloud_Inst.uasset" 737
"../../../Engine/Content/EngineResources/FilmGrains/Marcie_Grain_v3_128_M2_000.uexp" 738
"../../../Engine/Content/EngineResources/FilmGrains/Marcie_Grain_v3_128_M2_000.uasset" 739
"../../../Engine/Content/EditorResources/SequenceRecorder/RecordingIndicator.uexp" 740
"../../../Engine/Content/EditorResources/SequenceRecorder/RecordingIndicator.uasset" 741
"../../../Engine/Content/EditorResources/SequenceRecorder/Countdown.uasset" 742
"../../../Engine/Content/EditorResources/SequenceRecorder/Countdown.uexp" 743
"../../../Engine/Content/EditorMaterials/Dataflow/DataflowVertexMaterial.uasset" 744
"../../../Engine/Content/EditorMaterials/Dataflow/DataflowVertexMaterial.uexp" 745
"../../../Engine/Content/Functions/Engine_MaterialFunctions01/Shading/PowerToRoughness.uexp" 746
"../../../Engine/Content/Functions/Engine_MaterialFunctions01/Shading/PowerToRoughness.uasset" 747
"../../../Engine/Content/Functions/Engine_MaterialFunctions01/Shading/ConvertFromDiffSpec.uexp" 748
"../../../Engine/Content/Functions/Engine_MaterialFunctions01/Shading/ConvertFromDiffSpec.uasset" 749
"../../../Engine/Content/EngineMaterials/Substrate/Volume/SubstrateSimpleVolumeEnvLUT3D.uexp" 750
"../../../Engine/Content/EngineMaterials/Substrate/Volume/SubstrateSimpleVolumeEnvLUT3D.uasset" 751
"../../../Engine/Content/EngineMaterials/Substrate/Volume/SubstrateSimpleVolumeLUT3D.uasset" 752
"../../../Engine/Content/EngineMaterials/Substrate/Volume/SubstrateSimpleVolumeLUT3D.uexp" 753
"../../../Engine/Content/EngineMaterials/Substrate/GLints2/AGlintTex2dArray2.uasset" 754
"../../../Engine/Content/EngineMaterials/Substrate/GLints2/AGlintTex2dArray2.uexp" 755
"../../../Engine/Content/EngineMaterials/Substrate/GLints/AGlintTex2dArray.uasset" 756
"../../../Engine/Content/EngineMaterials/Substrate/GLints/AGlintTex2dArray.uexp" 757
"../../../Engine/Content/Maps/Entry_BuiltData.uexp" 758
"../../../Engine/Content/Maps/Entry_BuiltData.uasset" 759
"../../../Engine/Content/Maps/Entry.umap" 760
"../../../Engine/Content/Maps/Entry.uexp" 761
